<testsuites><testsuite package="JWK.Priv" id="0" name="JWK.Priv" timestamp="2020-01-05T08:55:31" hostname="localhost" tests="3" failures="0" errors="0" time="0.00388002395629882812"><properties></properties><testcase name="Creates well formed rsa" classname="JWK.Priv › Creates well formed rsa" time="0.00351810455322265625"></testcase><testcase name="Roundtrip" classname="JWK.Priv › Roundtrip" time="0.000262975692749023438"></testcase><testcase name="Creates a correct jwt from pem" classname="JWK.Priv › Creates a correct jwt from pem" time="9.89437103271484375e-05"></testcase></testsuite><testsuite package="JWK.Pub" id="1" name="JWK.Pub" timestamp="2020-01-05T08:55:31" hostname="localhost" tests="3" failures="0" errors="0" time="0.000233888626098632812"><properties></properties><testcase name="of_json" classname="JWK.Pub › of_json" time="8.8214874267578125e-06"></testcase><testcase name="Roundtrip" classname="JWK.Pub › Roundtrip" time="0.000128030776977539062"></testcase><testcase name="Creates a correct jwt from pem" classname="JWK.Pub › Creates a correct jwt from pem" time="9.70363616943359375e-05"></testcase></testsuite><testsuite package="JWT" id="2" name="JWT" timestamp="2020-01-05T08:55:31" hostname="localhost" tests="3" failures="0" errors="0" time="0.00238084793090820312"><properties></properties><testcase name="Can validate my own JWT" classname="JWT › Can validate my own JWT" time="0.000982999801635742188"></testcase><testcase name="Can create a JWT" classname="JWT › Can create a JWT" time="0.00099086761474609375"></testcase><testcase name="Can validate a JWT" classname="JWT › Can validate a JWT" time="0.000406980514526367188"></testcase></testsuite></testsuites>
